accountsservice
adduser
alsa-topology-conf
amd64-microcode
apport-symptoms
apt-transport-https
at
base-files
base-passwd
bash
bash-completion
bc
bind9-dnsutils
bind9-host
bind9-libs
bsdmainutils
bsdutils
btrfs-progs
busybox-initramfs
busybox-static
byobu
bzip2
ca-certificates
cloud-guest-utils
cloud-init
console-setup
console-setup-linux
containerd.io
coreutils
cpio
cron
cryptsetup
cryptsetup-bin
cryptsetup-initramfs
cryptsetup-run
curl
dash
dbus
dbus-user-session
dconf-gsettings-backend
dconf-service
debconf
debconf-i18n
debianutils
diffutils
dirmngr
dmeventd
dmidecode
dmsetup
docker-buildx-plugin
docker-ce
docker-ce-cli
docker-ce-rootless-extras
docker-compose-plugin
docker-scan-plugin
dosfstools
dpkg
e2fsprogs
eatmydata
ed
eject
ethtool
fdisk
file
findutils
fonts-ubuntu-console
ftp
fwupd
gawk
gcc-10-base
gdisk
gettext-base
gir1.2-packagekitglib-1.0
git
git-man
glib-networking
glib-networking-common
glib-networking-services
gnupg
gnupg-agent
gnupg-l10n
gnupg-utils
gpg
gpg-agent
gpg-wks-client
gpg-wks-server
gpgconf
gpgsm
gpgv
grep
groff-base
grub-common
grub-gfxpayload-lists
grub-pc
grub-pc-bin
grub2-common
gsettings-desktop-schemas
gzip
hdparm
hostname
htop
info
init
init-system-helpers
install-info
intel-microcode
iproute2
iptables
iputils-ping
iputils-tracepath
irqbalance
iso-codes
iucode-tool
iw
kbd
keyboard-configuration
keyutils
klibc-utils
kpartx
krb5-locales
libaccountsservice0
libacl1
libaio1
libappstream4
libarchive13
libargon2-1
libasn1-8-heimdal
libassuan0
libatm1
libattr1
libaudit-common
libaudit1
libblas3
libblkid1
libbrotli1
libbsd0
libbz2-1.0
libc6
libcanberra0
libcap-ng0
libcap2
libcap2-bin
libcom-err2
libcrypt1
libcryptsetup12
libcurl3-gnutls
libcurl4
libdb5.3
libdbus-1-3
libdbus-glib-1-2
libdconf1
libdebconfclient0
libdevmapper-event1.02.1
libdevmapper1.02.1
libdrm-common
libdrm2
libeatmydata1
libedit2
libelf1
liberror-perl
libestr0
libevent-2.1-7
libexpat1
libext2fs2
libfastjson4
libfdisk1
libffi7
libfido2-1
libfl2
libfreetype6
libfribidi0
libfuse2
libgcab-1.0-0
libgcc-s1
libgcrypt20
libgdbm-compat4
libgdbm6
libgmp10
libgnutls30
libgpg-error0
libgpgme11
libgpm2
libgssapi-krb5-2
libgssapi3-heimdal
libgstreamer1.0-0
libgudev-1.0-0
libgusb2
libhcrypto4-heimdal
libheimbase1-heimdal
libheimntlm0-heimdal
libhx509-5-heimdal
libidn2-0
libip4tc2
libip6tc2
libisns0
libjson-glib-1.0-0
libjson-glib-1.0-common
libk5crypto3
libklibc
libkrb5-26-heimdal
libkrb5-3
libkrb5support0
libksba8
libldap-common
liblinear4
liblmdb0
liblocale-gettext-perl
libltdl7
liblua5.3-0
liblvm2cmd2.03
liblz4-1
liblzma5
liblzo2-2
libmagic-mgc
libmagic1
libmaxminddb0
libmnl0
libmount1
libmpfr6
libmspack0
libmysqlclient21
libncurses5
libncurses6
libncursesw6
libnetfilter-conntrack3
libnewt0.52
libnfnetlink0
libnftnl11
libnghttp2-14
libnl-3-200
libnl-genl-3-200
libnpth0
libnuma1
libogg0
libp11-kit0
libpackagekit-glib2-18
libpam-cap
libpam-modules
libpam-modules-bin
libpam-runtime
libpam0g
libpcap0.8
libpcre2-8-0
libpcre3
libpipeline1
libpng16-16
libpolkit-agent-1-0
libpolkit-gobject-1-0
libpopt0
libproxy1v5
libpsl5
libpython3-stdlib
libreadline8
libroken18-heimdal
librtmp1
libsasl2-2
libsasl2-modules
libsasl2-modules-db
libseccomp2
libselinux1
libsemanage-common
libsensors-config
libsensors5
libsgutils2-2
libsigsegv2
libslang2
libsmartcols1
libsmbios-c2
libsnmp-base
libsodium23
libsoup2.4-1
libsqlite3-0
libss2
libssh-4
libstdc++6
libstemmer0d
libtasn1-6
libtdb1
libtext-charwidth-perl
libtext-iconv-perl
libtext-wrapi18n-perl
libtinfo5
libtinfo6
libtirpc-common
libtirpc3
libuchardet0
libunistring2
libunwind8
libusb-1.0-0
libutempter0
libuuid1
libuv1
libvorbis0a
libvorbisfile3
libwind0-heimdal
libwrap0
libx11-6
libx11-data
libxau6
libxcb1
libxdmcp6
libxext6
libxml2
libxmlsec1
libxmlsec1-openssl
libxmuu1
libxslt1.1
libxtables12
libyaml-0-2
libzstd1
linux-firmware
linux-generic
linux-headers-generic
linux-image-5.4.0-144-generic
linux-image-generic
linux-modules-5.4.0-144-generic
login
logrotate
logsave
lsb-base
lsb-release
ltrace
lua-lpeg
lvm2
lxd-agent-loader
lz4
man-db
manpages
mawk
mime-support
mount
mtr-tiny
multipath-tools
mysql-client-core-8.0
mysql-common
nano
ncurses-base
ncurses-bin
ncurses-term
net-tools
netbase
netcat-openbsd
networkd-dispatcher
nmap-common
ntfs-3g
openssh-client
openssh-server
openssh-sftp-server
openssl
os-prober
packagekit
packagekit-tools
passwd
pastebinit
patch
pci.ids
perl
perl-base
pinentry-curses
policykit-1
popularity-contest
powermgmt-base
psmisc
publicsuffix
python3
python3-attr
python3-automat
python3-blinker
python3-certifi
python3-cffi-backend
python3-chardet
python3-click
python3-colorama
python3-configobj
python3-constantly
python3-cryptography
python3-dbus
python3-debconf
python3-debian
python3-distro
python3-distro-info
python3-distutils
python3-entrypoints
python3-gdbm
python3-gi
python3-hamcrest
python3-httplib2
python3-hyperlink
python3-idna
python3-importlib-metadata
python3-incremental
python3-jinja2
python3-json-pointer
python3-jsonpatch
python3-jsonschema
python3-jwt
python3-keyring
python3-launchpadlib
python3-lazr.restfulclient
python3-lazr.uri
python3-lib2to3
python3-markupsafe
python3-minimal
python3-more-itertools
python3-nacl
python3-netifaces
python3-newt
python3-oauthlib
python3-openssl
python3-pexpect
python3-pkg-resources
python3-ptyprocess
python3-pyasn1
python3-pyasn1-modules
python3-pymacaroons
python3-pyrsistent
python3-requests
python3-requests-unixsocket
python3-secretstorage
python3-serial
python3-service-identity
python3-setuptools
python3-simplejson
python3-six
python3-software-properties
python3-systemd
python3-twisted
python3-urllib3
python3-wadllib
python3-yaml
python3-zipp
python3-zope.interface
readline-common
rpcbind
rsync
rsyslog
run-one
screen
secureboot-db
sed
sensible-utils
sg3-utils
sg3-utils-udev
shared-mime-info
software-properties-common
sound-theme-freedesktop
ssh-import-id
sudo
sysvinit-utils
tar
tcpd
telnet
thermald
thin-provisioning-tools
time
tmux
tpm-udev
tzdata
ubuntu-advantage-tools
ubuntu-minimal
ubuntu-server
ubuntu-standard
ucf
update-manager-core
usb.ids
usbutils
util-linux
uuid-runtime
vim-common
vim-runtime
vim-tiny
whiptail
wireless-regdb
xauth
xdg-user-dirs
xfsprogs
xkb-data
xxd
xz-utils
zerofree
zlib1g
